<html>
<body>
<pre>
<h1>礦ision Build Log</h1>
<h2>Tool Versions:</h2>
IDE-Version: μVision V5.24.2.0
Copyright (C) 2017 ARM Ltd and ARM Germany GmbH. All rights reserved.
License Information: a a, a, LIC=585FJ-UDW3G-IIM5V-PZLMW-U2XWF-NTLIX
 
Tool Versions:
Toolchain:       MDK-ARM Plus  Version: 5.24.1
Toolchain Path:  E:\Keil_v5\ARM\ARMCC\Bin
C Compiler:      Armcc.exe V5.06 update 5 (build 528)
Assembler:       Armasm.exe V5.06 update 5 (build 528)
Linker/Locator:  ArmLink.exe V5.06 update 5 (build 528)
Library Manager: ArmAr.exe V5.06 update 5 (build 528)
Hex Converter:   FromElf.exe V5.06 update 5 (build 528)
CPU DLL:         SARMCM3.DLL V5.24.1
Dialog DLL:      DARMSTM.DLL V1.68.0.0
Target DLL:      STLink\ST-LINKIII-KEIL_SWO.dll V3.0.1.0
Dialog DLL:      TARMSTM.DLL V1.66.0.0
 
<h2>Project:</h2>
E:\WHEELTEC B570 平衡小车附送资料\WHEELTEC B570 平衡小车附送资料_V2.0_2023.03.30\4.WHEELTEC B570 平衡小车32底层源码\1.WHEELTEC B570 平衡小车源码(寄存器版)\1.WHEELTEC B570 平衡小车源码(寄存器版)\1.WHEELTEC B570 平衡小车源码(寄存器版)\USER\Minibalance.uvprojx
Project File Date:  04/12/2023

<h2>Output:</h2>
*** Using Compiler 'V5.06 update 5 (build 528)', folder: 'E:\Keil_v5\ARM\ARMCC\Bin'
Rebuild target 'Target 1'
assembling startup_stm32f10x_md.s...
compiling LED.C...
compiling Minibalance.c...
compiling oled.c...
compiling usart.c...
compiling key.c...
compiling delay.c...
compiling sys.c...
compiling motor.c...
compiling timer.c...
compiling adc.c...
compiling IOI2C.c...
compiling encoder.c...
compiling usart3.c...
compiling filter.c...
..\BALANCE\filter\filter.c(33): warning:  #550-D: variable "angle_dot"  was set but never used
  	static float angle_dot;
..\BALANCE\filter\filter.c(103): warning:  #550-D: variable "angle_dot"  was set but never used
  	static float angle_dot;
..\BALANCE\filter\filter.c: 2 warnings, 0 errors
compiling show.c...
compiling DataScope_DP.C...
compiling exti.c...
compiling control.c...
compiling inv_mpu.c...
compiling MPU6050.c...
compiling inv_mpu_dmp_motion_driver.c...
linking...
Program Size: Code=38526 RO-data=6530 RW-data=440 ZI-data=2944  
FromELF: creating hex file...
"..\OBJ\Minibalance.axf" - 0 Error(s), 2 Warning(s).

<h2>Software Packages used:</h2>

Package Vendor: Keil
                http://www.keil.com/pack/Keil.STM32F1xx_DFP.1.0.5.pack
                Keil.STM32F1xx_DFP.1.0.5
                STMicroelectronics STM32F1 Series Device Support, Drivers and Examples

<h2>Collection of Component include folders:</h2>
  .\RTE\_Target_1
  E:\Keil_v5\ARM\PACK\Keil\STM32F1xx_DFP\1.0.5\Device\Include

<h2>Collection of Component Files used:</h2>
Build Time Elapsed:  00:00:04
</pre>
</body>
</html>
